BL51 BANKED LINKER/LOCATER V6.22.2.0                                                    10/27/2019  22:23:18  PAGE 1


BL51 BANKED LINKER/LOCATER V6.22.2.0, INVOKED BY:
C:\KEIL_V5\C51\BIN\BL51.EXE STARTUP.obj, main.obj TO test123 RAMSIZE (256)


MEMORY MODEL: SMALL


INPUT MODULES INCLUDED:
  STARTUP.obj (?C_STARTUP)
  main.obj (MAIN)
  C:\KEIL_V5\C51\LIB\C51S.LIB (?C_INIT)


LINK MAP OF MODULE:  test123 (?C_STARTUP)


            TYPE    BASE      LENGTH    RELOCATION   SEGMENT NAME
            -----------------------------------------------------

            * * * * * * *   D A T A   M E M O R Y   * * * * * * *
            REG     0000H     0008H     ABSOLUTE     "REG BANK 0"
            DATA    0008H     0005H     UNIT         ?DT?MAIN
            IDATA   000DH     0001H     UNIT         ?STACK

            * * * * * * *   C O D E   M E M O R Y   * * * * * * *
            CODE    0000H     0003H     ABSOLUTE     
            CODE    0003H     0006H     UNIT         ?PR?IO?MAIN
                    0009H     0002H                  *** GAP ***
            CODE    000BH     0003H     ABSOLUTE     
            CODE    000EH     0012H     UNIT         ?PR?UART2_INIT?MAIN
            CODE    0020H     0010H     UNIT         ?PR?CLOCK?MAIN
            CODE    0030H     0010H     UNIT         ?PR?UART2_RECEIVE?MAIN
                    0040H     0003H                  *** GAP ***
            CODE    0043H     0003H     ABSOLUTE     
            CODE    0046H     0163H     UNIT         ?PR?PWM?MAIN
            CODE    01A9H     008CH     UNIT         ?C_C51STARTUP
            CODE    0235H     0066H     UNIT         ?PR?MAIN?MAIN
            CODE    029BH     0009H     UNIT         ?PR?UART2_SEND?MAIN
            CODE    02A4H     0009H     UNIT         ?C_INITSEG



OVERLAY MAP OF MODULE:   test123 (?C_STARTUP)


SEGMENT
  +--> CALLED SEGMENT
---------------------
?C_C51STARTUP
  +--> ?PR?MAIN?MAIN
  +--> ?C_INITSEG

?PR?MAIN?MAIN
  +--> ?PR?UART2_INIT?MAIN
  +--> ?PR?CLOCK?MAIN
  +--> ?PR?IO?MAIN


BL51 BANKED LINKER/LOCATER V6.22.2.0                                                  10/27/2019  22:23:18  PAGE 2



SYMBOL TABLE OF MODULE:  test123 (?C_STARTUP)

  VALUE           TYPE          NAME
  ----------------------------------

  -------         MODULE        ?C_STARTUP
  C:01A9H         SEGMENT       ?C_C51STARTUP
  I:000DH         SEGMENT       ?STACK
  C:0000H         PUBLIC        ?C_STARTUP
  D:00E0H         SYMBOL        ACC
  D:00F0H         SYMBOL        B
  D:0083H         SYMBOL        DPH
  D:0082H         SYMBOL        DPL
  N:0000H         SYMBOL        IBPSTACK
  N:0100H         SYMBOL        IBPSTACKTOP
  N:0080H         SYMBOL        IDATALEN
  C:01ACH         SYMBOL        IDATALOOP
  N:0000H         SYMBOL        PBPSTACK
  N:0100H         SYMBOL        PBPSTACKTOP
  N:0000H         SYMBOL        PDATALEN
  N:0000H         SYMBOL        PDATASTART
  N:0000H         SYMBOL        PPAGE
  N:0000H         SYMBOL        PPAGEENABLE
  D:00A0H         SYMBOL        PPAGE_SFR
  D:0081H         SYMBOL        SP
  C:01A9H         SYMBOL        STARTUP1
  N:0000H         SYMBOL        XBPSTACK
  N:0000H         SYMBOL        XBPSTACKTOP
  N:0000H         SYMBOL        XDATALEN
  N:0000H         SYMBOL        XDATASTART
  C:0000H         LINE#         126
  C:01A9H         LINE#         133
  C:01ABH         LINE#         134
  C:01ACH         LINE#         135
  C:01ADH         LINE#         136
  C:01AFH         LINE#         185
  C:01B2H         LINE#         196
  -------         ENDMOD        ?C_STARTUP

  -------         MODULE        MAIN
  C:0000H         SYMBOL        _ICE_DUMMY_
  D:0080H         PUBLIC        P0
  D:00B2H         PUBLIC        P3M0
  D:0090H         PUBLIC        P1
  D:00B1H         PUBLIC        P3M1
  D:00A0H         PUBLIC        P2
  D:00B0H         PUBLIC        P3
  D:0008H         PUBLIC        pwmleft
  D:00C0H         PUBLIC        P4
  D:000AH         PUBLIC        tmp2
  D:00C8H         PUBLIC        P5
  B:00A8H.7       PUBLIC        EA
  D:00E8H         PUBLIC        P6
  D:00F8H         PUBLIC        P7
  C:000EH         PUBLIC        uart2_init
  D:00A8H         PUBLIC        IE
BL51 BANKED LINKER/LOCATER V6.22.2.0                                                  10/27/2019  22:23:18  PAGE 3


  C:0020H         PUBLIC        clock
  B:00A8H.4       PUBLIC        ES
  D:00B8H         PUBLIC        IP
  D:00D8H         PUBLIC        CCON
  C:0235H         PUBLIC        main
  D:000BH         PUBLIC        mode
  D:0098H         PUBLIC        SCON
  D:0089H         PUBLIC        TMOD
  D:0088H         PUBLIC        TCON
  B:00B0H.2       PUBLIC        P32
  B:00B0H.3       PUBLIC        P33
  B:00B0H.4       PUBLIC        P34
  B:00B0H.5       PUBLIC        P35
  C:0030H         PUBLIC        uart2_receive
  D:00AFH         PUBLIC        IE2
  D:008EH         PUBLIC        AUXR
  B:00A8H.1       PUBLIC        ET0
  D:008CH         PUBLIC        TH0
  D:00D6H         PUBLIC        T2H
  D:008AH         PUBLIC        TL0
  D:00D7H         PUBLIC        T2L
  C:0046H         PUBLIC        pwm
  B:0088H.4       PUBLIC        TR0
  C:0003H         PUBLIC        io
  D:009BH         PUBLIC        S2BUF
  D:009AH         PUBLIC        S2CON
  D:00D0H         PUBLIC        PSW
  C:029BH         PUBLIC        uart2_send
  -------         PROC          CLOCK
  C:0020H         LINE#         11
  C:0020H         LINE#         12
  C:0020H         LINE#         13
  C:0023H         LINE#         14
  C:0026H         LINE#         15
  C:0029H         LINE#         16
  C:002BH         LINE#         17
  C:002DH         LINE#         18
  C:002FH         LINE#         19
  -------         ENDPROC       CLOCK
  -------         PROC          IO
  C:0003H         LINE#         23
  C:0003H         LINE#         24
  C:0003H         LINE#         25
  C:0006H         LINE#         26
  C:0008H         LINE#         27
  -------         ENDPROC       IO
  -------         PROC          UART2_INIT
  C:000EH         LINE#         41
  C:000EH         LINE#         42
  C:000EH         LINE#         44
  C:0011H         LINE#         45
  C:0014H         LINE#         46
  C:0017H         LINE#         47
  C:001AH         LINE#         48
  C:001DH         LINE#         49
  C:001FH         LINE#         50
  -------         ENDPROC       UART2_INIT
BL51 BANKED LINKER/LOCATER V6.22.2.0                                                  10/27/2019  22:23:18  PAGE 4


  -------         PROC          UART2_SEND
  C:029BH         LINE#         52
  C:029BH         LINE#         53
  C:029BH         LINE#         54
  C:029DH         LINE#         58
  C:02A0H         LINE#         59
  C:02A0H         LINE#         60
  C:02A3H         LINE#         64
  -------         ENDPROC       UART2_SEND
  -------         PROC          UART2_RECEIVE
  C:0030H         LINE#         67
  C:0032H         LINE#         69
  C:0037H         LINE#         70
  C:0037H         LINE#         71
  C:003AH         LINE#         72
  C:003DH         LINE#         73
  C:003DH         LINE#         74
  -------         ENDPROC       UART2_RECEIVE
  -------         PROC          MAIN
  -------         DO            
  D:0005H         SYMBOL        dongzuo
  D:0006H         SYMBOL        finish
  -------         ENDDO         
  C:0235H         LINE#         78
  C:0235H         LINE#         79
  C:0235H         LINE#         82
  C:0238H         LINE#         83
  C:023BH         LINE#         84
  C:023EH         LINE#         85
  C:0241H         LINE#         86
  C:0241H         LINE#         87
  C:0241H         LINE#         88
  C:0243H         LINE#         89
  C:0246H         LINE#         90
  C:0246H         LINE#         91
  C:024CH         LINE#         93
  C:0250H         LINE#         94
  C:0250H         LINE#         95
  C:0252H         LINE#         96
  C:0255H         LINE#         97
  C:0255H         LINE#         98
  C:025BH         LINE#         99
  C:025FH         LINE#         101
  C:025FH         LINE#         102
  C:0261H         LINE#         103
  C:0264H         LINE#         104
  C:0264H         LINE#         105
  C:026AH         LINE#         108
  C:026AH         LINE#         109
  C:026CH         LINE#         110
  C:026FH         LINE#         111
  C:026FH         LINE#         112
  C:0275H         LINE#         115
  C:0279H         LINE#         116
  C:027BH         LINE#         118
  C:027EH         LINE#         119
  C:027EH         LINE#         120
BL51 BANKED LINKER/LOCATER V6.22.2.0                                                  10/27/2019  22:23:18  PAGE 5


  C:0283H         LINE#         121
  C:0287H         LINE#         122
  C:028BH         LINE#         123
  C:028EH         LINE#         124
  C:028EH         LINE#         126
  C:0294H         LINE#         127
  C:0294H         LINE#         128
  C:0296H         LINE#         129
  C:0296H         LINE#         130
  C:0299H         LINE#         131
  -------         ENDPROC       MAIN
  -------         PROC          PWM
  C:0046H         LINE#         134
  C:004AH         LINE#         137
  C:0052H         LINE#         138
  C:0052H         LINE#         139
  C:005AH         LINE#         141
  C:0065H         LINE#         142
  C:0069H         LINE#         143
  C:0083H         LINE#         144
  C:0087H         LINE#         145
  C:0094H         LINE#         146
  C:009AH         LINE#         147
  C:009AH         LINE#         148
  C:00A2H         LINE#         149
  C:00A2H         LINE#         150
  C:00AAH         LINE#         151
  C:00B5H         LINE#         152
  C:00B9H         LINE#         153
  C:00D3H         LINE#         154
  C:00D7H         LINE#         155
  C:00E4H         LINE#         156
  C:00EAH         LINE#         157
  C:00EAH         LINE#         158
  C:00F2H         LINE#         159
  C:00F2H         LINE#         160
  C:00FAH         LINE#         161
  C:0105H         LINE#         162
  C:0109H         LINE#         163
  C:010DH         LINE#         164
  C:0127H         LINE#         165
  C:012BH         LINE#         166
  C:012FH         LINE#         167
  C:013CH         LINE#         168
  C:0142H         LINE#         169
  C:0142H         LINE#         170
  C:014AH         LINE#         171
  C:014AH         LINE#         172
  C:0152H         LINE#         173
  C:015DH         LINE#         174
  C:0161H         LINE#         175
  C:0165H         LINE#         176
  C:017FH         LINE#         177
  C:0183H         LINE#         178
  C:0187H         LINE#         179
  C:0194H         LINE#         180
  C:019AH         LINE#         181
BL51 BANKED LINKER/LOCATER V6.22.2.0                                                  10/27/2019  22:23:18  PAGE 6


  C:019AH         LINE#         182
  C:01A0H         LINE#         183
  C:01A0H         LINE#         184
  C:01A4H         LINE#         186
  C:01A4H         LINE#         188
  -------         ENDPROC       PWM
  -------         ENDMOD        MAIN

*** WARNING L16: UNCALLED SEGMENT, IGNORED FOR OVERLAY PROCESS
    SEGMENT: ?PR?UART2_SEND?MAIN

Program Size: data=14.0 xdata=0 code=680
LINK/LOCATE RUN COMPLETE.  1 WARNING(S),  0 ERROR(S)
